// Jest Snapshot v1, https://goo.gl/fbAQLP

exports[`Storyshots Button With Emoji 1`] = `
<button
  onClick={[Function]}
  style={
    Object {
      "backgroundColor": "#FFFFFF",
      "border": "1px solid #eee",
      "borderRadius": 3,
      "cursor": "pointer",
      "fontSize": 15,
      "margin": 10,
      "padding": "3px 10px",
    }
  }
  type="button"
>
  <span
    aria-label="so cool"
    role="img"
  >
    üòÄ üòé üëç üíØ
  </span>
</button>
`;

exports[`Storyshots Button With Text 1`] = `
<button
  onClick={[Function]}
  style={
    Object {
      "backgroundColor": "#FFFFFF",
      "border": "1px solid #eee",
      "borderRadius": 3,
      "cursor": "pointer",
      "fontSize": 15,
      "margin": 10,
      "padding": "3px 10px",
    }
  }
  type="button"
>
  Hello Button
</button>
`;

exports[`Storyshots Task Archived 1`] = `
<div
  className="list-item TASK_ARCHIVED"
>
  <label
    className="checkbox"
  >
    <input
      defaultChecked={true}
      disabled={true}
      name="checked"
      type="checkbox"
    />
    <span
      className="checkbox-custom"
      onClick={[Function]}
    />
  </label>
  <div
    className="title"
  >
    <input
      placeholder="Input title"
      readOnly={true}
      type="text"
      value="Test Task"
    />
  </div>
  <div
    className="actions"
    onClick={[Function]}
  />
</div>
`;

exports[`Storyshots Task Default 1`] = `
<div
  className="list-item TASK_INBOX"
>
  <label
    className="checkbox"
  >
    <input
      defaultChecked={false}
      disabled={true}
      name="checked"
      type="checkbox"
    />
    <span
      className="checkbox-custom"
      onClick={[Function]}
    />
  </label>
  <div
    className="title"
  >
    <input
      placeholder="Input title"
      readOnly={true}
      type="text"
      value="Test Task"
    />
  </div>
  <div
    className="actions"
    onClick={[Function]}
  >
    <a
      onClick={[Function]}
    >
      <span
        className="icon-star"
      />
    </a>
  </div>
</div>
`;

exports[`Storyshots Task Pinned 1`] = `
<div
  className="list-item TASK_PINNED"
>
  <label
    className="checkbox"
  >
    <input
      defaultChecked={false}
      disabled={true}
      name="checked"
      type="checkbox"
    />
    <span
      className="checkbox-custom"
      onClick={[Function]}
    />
  </label>
  <div
    className="title"
  >
    <input
      placeholder="Input title"
      readOnly={true}
      type="text"
      value="Test Task"
    />
  </div>
  <div
    className="actions"
    onClick={[Function]}
  >
    <a
      onClick={[Function]}
    >
      <span
        className="icon-star"
      />
    </a>
  </div>
</div>
`;

exports[`Storyshots TaskList Default 1`] = `
<div
  style={
    Object {
      "padding": "3rem",
    }
  }
>
  <div
    className="list-item"
  >
    <div
      className="list-item TASK_INBOX"
    >
      <label
        className="checkbox"
      >
        <input
          defaultChecked={false}
          disabled={true}
          name="checked"
          type="checkbox"
        />
        <span
          className="checkbox-custom"
          onClick={[Function]}
        />
      </label>
      <div
        className="title"
      >
        <input
          placeholder="Input title"
          readOnly={true}
          type="text"
          value="Task 1"
        />
      </div>
      <div
        className="actions"
        onClick={[Function]}
      >
        <a
          onClick={[Function]}
        >
          <span
            className="icon-star"
          />
        </a>
      </div>
    </div>
    <div
      className="list-item TASK_INBOX"
    >
      <label
        className="checkbox"
      >
        <input
          defaultChecked={false}
          disabled={true}
          name="checked"
          type="checkbox"
        />
        <span
          className="checkbox-custom"
          onClick={[Function]}
        />
      </label>
      <div
        className="title"
      >
        <input
          placeholder="Input title"
          readOnly={true}
          type="text"
          value="Task 2"
        />
      </div>
      <div
        className="actions"
        onClick={[Function]}
      >
        <a
          onClick={[Function]}
        >
          <span
            className="icon-star"
          />
        </a>
      </div>
    </div>
    <div
      className="list-item TASK_INBOX"
    >
      <label
        className="checkbox"
      >
        <input
          defaultChecked={false}
          disabled={true}
          name="checked"
          type="checkbox"
        />
        <span
          className="checkbox-custom"
          onClick={[Function]}
        />
      </label>
      <div
        className="title"
      >
        <input
          placeholder="Input title"
          readOnly={true}
          type="text"
          value="Task 3"
        />
      </div>
      <div
        className="actions"
        onClick={[Function]}
      >
        <a
          onClick={[Function]}
        >
          <span
            className="icon-star"
          />
        </a>
      </div>
    </div>
    <div
      className="list-item TASK_INBOX"
    >
      <label
        className="checkbox"
      >
        <input
          defaultChecked={false}
          disabled={true}
          name="checked"
          type="checkbox"
        />
        <span
          className="checkbox-custom"
          onClick={[Function]}
        />
      </label>
      <div
        className="title"
      >
        <input
          placeholder="Input title"
          readOnly={true}
          type="text"
          value="Task 4"
        />
      </div>
      <div
        className="actions"
        onClick={[Function]}
      >
        <a
          onClick={[Function]}
        >
          <span
            className="icon-star"
          />
        </a>
      </div>
    </div>
    <div
      className="list-item TASK_INBOX"
    >
      <label
        className="checkbox"
      >
        <input
          defaultChecked={false}
          disabled={true}
          name="checked"
          type="checkbox"
        />
        <span
          className="checkbox-custom"
          onClick={[Function]}
        />
      </label>
      <div
        className="title"
      >
        <input
          placeholder="Input title"
          readOnly={true}
          type="text"
          value="Task 5"
        />
      </div>
      <div
        className="actions"
        onClick={[Function]}
      >
        <a
          onClick={[Function]}
        >
          <span
            className="icon-star"
          />
        </a>
      </div>
    </div>
    <div
      className="list-item TASK_INBOX"
    >
      <label
        className="checkbox"
      >
        <input
          defaultChecked={false}
          disabled={true}
          name="checked"
          type="checkbox"
        />
        <span
          className="checkbox-custom"
          onClick={[Function]}
        />
      </label>
      <div
        className="title"
      >
        <input
          placeholder="Input title"
          readOnly={true}
          type="text"
          value="Task 6"
        />
      </div>
      <div
        className="actions"
        onClick={[Function]}
      >
        <a
          onClick={[Function]}
        >
          <span
            className="icon-star"
          />
        </a>
      </div>
    </div>
  </div>
</div>
`;

exports[`Storyshots testComponent Default Story 1`] = `
<h1>
  Hello WOrld
</h1>
`;
